[ WARN ] Multiple tests with name 'Validate Login with' executed in suite 'Tests.LoginTest'.
[ WARN ] Multiple tests with name 'Validate Login with' executed in suite 'Tests.LoginTest'.
[ WARN ] Multiple tests with name 'Validate Login with' executed in suite 'Tests.LoginTest'.
