==============================================================================
Tests                                                                         
==============================================================================
Tests.LoginTest :: Tests to Login                                             
==============================================================================
Validate Login with                                                   | PASS |
------------------------------------------------------------------------------
Validate Login with                                                   | PASS |
------------------------------------------------------------------------------
Validate Login with                                                   | PASS |
------------------------------------------------------------------------------
Validate Login with                                                   | PASS |
------------------------------------------------------------------------------
Tests.LoginTest :: Tests to Login                                     | PASS |
4 tests, 4 passed, 0 failed
==============================================================================
Tests                                                                 | PASS |
4 tests, 4 passed, 0 failed
==============================================================================
Output:  C:\Users\Lenovo\Desktop\SmartCliff-Admin\Tests\pabot_results\1\output.xml
