==============================================================================
Tests                                                                         
==============================================================================
Tests.LogoutTest :: Test to logout                                            
==============================================================================
validate successful logout                                            Current URL: https://smart-cliff-admin.vercel.app/
| PASS |
------------------------------------------------------------------------------
Tests.LogoutTest :: Test to logout                                    | PASS |
1 test, 1 passed, 0 failed
==============================================================================
Tests                                                                 | PASS |
1 test, 1 passed, 0 failed
==============================================================================
Output:  C:\Users\Lenovo\Desktop\SmartCliff-Admin\Tests\pabot_results\2\output.xml
