[ ERROR ] [ DataDriver ] Error in robot file:
  File "C:\Users\Lenovo\Desktop\SmartCliff-Admin\Tests\Vision_Mission.robot", line 0
[ ERROR ] In source file:
  File "../Utilities/VisionandMission.xlsx", line 0
[ ERROR ] Calling method '_start_suite' of listener 'DataDriver' failed: AttributeError: No "Test Template" keyword found for first test case.
